{
  "components" : {
    "schemas" : {
      "test.io.smallrye.openapi.runtime.scanner.entities.GenericTypeTestContainer" : {
        "type": "object",
        "properties" : {
          "arrayListOfV" : {
            "type" : "array",
            "items" : {
              "format" : "date-time",
              "type" : "string",
              "examples" : [ "2022-03-10T12:15:50" ]
            }
          },
          "genericFieldK" : {
            "format" : "date-time",
            "type" : "string",
            "examples" : [ "2022-03-10T12:15:50" ]
          },
          "mapOfKToFoo" : {
            "type" : "object",
            "additionalProperties" : {
              "type" : "object",
              "properties" : {
                "theQ" : {
                  "type" : "string"
                },
                "theT" : {
                  "type" : "object",
                  "properties" : {
                    "hellofrombazzy" : {
                      "type" : "string"
                    },
                    "an_integer_value" : {
                      "format" : "int32",
                      "type" : "integer"
                    }
                  }
                },
                "ultimateTShouldBeQ" : {
                  "type" : "string"
                }
              }
            }
          },
          "mapOfKV" : {
            "type" : "object",
            "additionalProperties" : {
              "format" : "date-time",
              "type" : "string",
              "examples" : [ "2022-03-10T12:15:50" ]
            }
          }
        }
      }
    }
  }
}
