{
  "components": {
    "schemas": {
      "KustomPairStringString": {
        "required": [
          "bar",
          "foo"
        ],
        "type": "object",
        "properties": {
          "bar": {
            "type": "string"
          },
          "foo": {
            "maxLength": 123456,
            "type": "string"
          }
        }
      },
      "KustomPairKustomPairStringStringInteger": {
        "type": "object",
        "required": [
          "bar",
          "foo"
        ],
        "properties": {
          "bar": {
            "format": "int32",
            "type": "integer"
          },
          "foo": {
            "type": "object",
            "maxLength": 123456,
            "$ref": "#/components/schemas/KustomPairStringString"
          }
        }
      }
    }
  }
}
