{
  "components" : {
    "schemas" : {
      "test.io.smallrye.openapi.runtime.scanner.entities.SpecialCaseTestContainer" : {
        "type" : "array",
        "items" : {
          "required" : [ "cardNumber", "cardholderName", "cvv", "expiryDate", "issuer" ],
          "type" : "object",
          "properties" : {
            "cardNumber" : {
              "type" : "string",
              "examples" : [ "**********1234" ]
            },
            "cardholderName" : {
              "type" : "string",
              "examples" : [ "Joe Smith" ]
            },
            "cvv" : {
              "type" : "string",
              "examples" : [ "0322" ]
            },
            "expiryDate" : {
              "type" : "string",
              "examples" : [ "04/19" ]
            },
            "issuer" : {
              "type" : "string",
              "examples" : [ "VISA" ]
            }
          },
          "additionalProperties": false
        }
      }
    }
  }
}
